------------------------------------------------------------
TimeQuest Timing Analyzer Summary
------------------------------------------------------------

Type  : Slow 1200mV 85C Model Setup 'clk_gen|altpll_component|auto_generated|pll1|clk[0]'
Slack : 8.025
TNS   : 0.000

Type  : Slow 1200mV 85C Model Hold 'clk_gen|altpll_component|auto_generated|pll1|clk[0]'
Slack : 0.373
TNS   : 0.000

Type  : Slow 1200mV 85C Model Minimum Pulse Width 'CLOCK_50'
Slack : 9.747
TNS   : 0.000

Type  : Slow 1200mV 85C Model Minimum Pulse Width 'clk_gen|altpll_component|auto_generated|pll1|clk[0]'
Slack : 19.611
TNS   : 0.000

Type  : Slow 1200mV 0C Model Setup 'clk_gen|altpll_component|auto_generated|pll1|clk[0]'
Slack : 11.379
TNS   : 0.000

Type  : Slow 1200mV 0C Model Hold 'clk_gen|altpll_component|auto_generated|pll1|clk[0]'
Slack : 0.338
TNS   : 0.000

Type  : Slow 1200mV 0C Model Minimum Pulse Width 'CLOCK_50'
Slack : 9.709
TNS   : 0.000

Type  : Slow 1200mV 0C Model Minimum Pulse Width 'clk_gen|altpll_component|auto_generated|pll1|clk[0]'
Slack : 19.607
TNS   : 0.000

Type  : Fast 1200mV 0C Model Setup 'clk_gen|altpll_component|auto_generated|pll1|clk[0]'
Slack : 21.990
TNS   : 0.000

Type  : Fast 1200mV 0C Model Hold 'clk_gen|altpll_component|auto_generated|pll1|clk[0]'
Slack : 0.192
TNS   : 0.000

Type  : Fast 1200mV 0C Model Minimum Pulse Width 'CLOCK_50'
Slack : 9.416
TNS   : 0.000

Type  : Fast 1200mV 0C Model Minimum Pulse Width 'clk_gen|altpll_component|auto_generated|pll1|clk[0]'
Slack : 19.645
TNS   : 0.000

------------------------------------------------------------
